// Jest Snapshot v1, https://goo.gl/fbAQLP

exports[`expect to render Card List component 1`] = `
"<div>
  <Card id={1} name=\\"Jon Snow\\" email=\\"jonsnow@gmail.com\\" />
</div>"
`;
